// Jest Snapshot v1, https://goo.gl/fbAQLP

exports[`SymbolSelector renders a snapshot 1`] = `
ShallowWrapper {
  "length": 1,
  Symbol(enzyme.__root__): [Circular],
  Symbol(enzyme.__unrendered__): <SymbolSelector
    activeSymbol="BTC_USD"
    className={undefined}
    onClick={[Function]}
    symbols={
        Array [
            "BTC_USD",
            "ETH_USD",
          ]
    }
/>,
  Symbol(enzyme.__renderer__): Object {
    "batchedUpdates": [Function],
    "getNode": [Function],
    "render": [Function],
    "simulateEvent": [Function],
    "unmount": [Function],
  },
  Symbol(enzyme.__node__): Object {
    "instance": null,
    "key": undefined,
    "nodeType": "host",
    "props": Object {
      "children": Array [
        <li>
          <button
                    className="SymbolSelector__button SymbolSelector__button--active"
                    onClick={[Function]}
                    value="BTC_USD"
          >
                    BTC/USD
          </button>
</li>,
        <li>
          <button
                    className="SymbolSelector__button"
                    onClick={[Function]}
                    value="ETH_USD"
          >
                    ETH/USD
          </button>
</li>,
      ],
      "className": "SymbolSelector",
    },
    "ref": null,
    "rendered": Array [
      Object {
        "instance": null,
        "key": "BTC_USD",
        "nodeType": "host",
        "props": Object {
          "children": <button
            className="SymbolSelector__button SymbolSelector__button--active"
            onClick={[Function]}
            value="BTC_USD"
>
            BTC/USD
</button>,
        },
        "ref": null,
        "rendered": Object {
          "instance": null,
          "key": undefined,
          "nodeType": "host",
          "props": Object {
            "children": "BTC/USD",
            "className": "SymbolSelector__button SymbolSelector__button--active",
            "onClick": [Function],
            "value": "BTC_USD",
          },
          "ref": null,
          "rendered": "BTC/USD",
          "type": "button",
        },
        "type": "li",
      },
      Object {
        "instance": null,
        "key": "ETH_USD",
        "nodeType": "host",
        "props": Object {
          "children": <button
            className="SymbolSelector__button"
            onClick={[Function]}
            value="ETH_USD"
>
            ETH/USD
</button>,
        },
        "ref": null,
        "rendered": Object {
          "instance": null,
          "key": undefined,
          "nodeType": "host",
          "props": Object {
            "children": "ETH/USD",
            "className": "SymbolSelector__button",
            "onClick": [Function],
            "value": "ETH_USD",
          },
          "ref": null,
          "rendered": "ETH/USD",
          "type": "button",
        },
        "type": "li",
      },
    ],
    "type": "ul",
  },
  Symbol(enzyme.__nodes__): Array [
    Object {
      "instance": null,
      "key": undefined,
      "nodeType": "host",
      "props": Object {
        "children": Array [
          <li>
            <button
                        className="SymbolSelector__button SymbolSelector__button--active"
                        onClick={[Function]}
                        value="BTC_USD"
            >
                        BTC/USD
            </button>
</li>,
          <li>
            <button
                        className="SymbolSelector__button"
                        onClick={[Function]}
                        value="ETH_USD"
            >
                        ETH/USD
            </button>
</li>,
        ],
        "className": "SymbolSelector",
      },
      "ref": null,
      "rendered": Array [
        Object {
          "instance": null,
          "key": "BTC_USD",
          "nodeType": "host",
          "props": Object {
            "children": <button
              className="SymbolSelector__button SymbolSelector__button--active"
              onClick={[Function]}
              value="BTC_USD"
>
              BTC/USD
</button>,
          },
          "ref": null,
          "rendered": Object {
            "instance": null,
            "key": undefined,
            "nodeType": "host",
            "props": Object {
              "children": "BTC/USD",
              "className": "SymbolSelector__button SymbolSelector__button--active",
              "onClick": [Function],
              "value": "BTC_USD",
            },
            "ref": null,
            "rendered": "BTC/USD",
            "type": "button",
          },
          "type": "li",
        },
        Object {
          "instance": null,
          "key": "ETH_USD",
          "nodeType": "host",
          "props": Object {
            "children": <button
              className="SymbolSelector__button"
              onClick={[Function]}
              value="ETH_USD"
>
              ETH/USD
</button>,
          },
          "ref": null,
          "rendered": Object {
            "instance": null,
            "key": undefined,
            "nodeType": "host",
            "props": Object {
              "children": "ETH/USD",
              "className": "SymbolSelector__button",
              "onClick": [Function],
              "value": "ETH_USD",
            },
            "ref": null,
            "rendered": "ETH/USD",
            "type": "button",
          },
          "type": "li",
        },
      ],
      "type": "ul",
    },
  ],
  Symbol(enzyme.__options__): Object {
    "adapter": ReactSixteenAdapter {
      "options": Object {
        "enableComponentDidUpdateOnSetState": true,
      },
    },
  },
}
`;
